// Jest Snapshot v1, https://goo.gl/fbAQLP

exports[`renders correctly 1`] = `
Array [
  <div>
    <h1>
      Let's do some math!
    </h1>
  </div>,
  <div
    className="root-calc"
  >
    <h1
      className="input-value"
    >
      0
    </h1>
    <div
      className="calc"
    >
      <div
        className="row0"
      >
        <button
          className="operand"
          onClick={[Function]}
        >
          AC
        </button>
        <button
          className="number"
          onClick={[Function]}
        >
          +/-
        </button>
        <button
          className="number"
          onClick={[Function]}
        >
          %
        </button>
        <button
          className="operand"
          onClick={[Function]}
        >
          รท
        </button>
      </div>
      <div
        className="row1"
      >
        <button
          className="number"
          onClick={[Function]}
        >
          7
        </button>
        <button
          className="number"
          onClick={[Function]}
        >
          8
        </button>
        <button
          className="number"
          onClick={[Function]}
        >
          9
        </button>
        <button
          className="operand"
          onClick={[Function]}
        >
          x
        </button>
      </div>
      <div
        className="row2"
      >
        <button
          className="number"
          onClick={[Function]}
        >
          4
        </button>
        <button
          className="number"
          onClick={[Function]}
        >
          5
        </button>
        <button
          className="number"
          onClick={[Function]}
        >
          6
        </button>
        <button
          className="operand"
          onClick={[Function]}
        >
          -
        </button>
      </div>
      <div
        className="row3"
      >
        <button
          className="number"
          onClick={[Function]}
        >
          1
        </button>
        <button
          className="number"
          onClick={[Function]}
        >
          2
        </button>
        <button
          className="number"
          onClick={[Function]}
        >
          3
        </button>
        <button
          className="operand"
          onClick={[Function]}
        >
          +
        </button>
      </div>
      <div
        className="row4"
      >
        <button
          className="number"
          onClick={[Function]}
        >
          0
        </button>
        <button
          className="number"
          onClick={[Function]}
        >
          .
        </button>
        <button
          className="operand"
          onClick={[Function]}
        >
          =
        </button>
      </div>
    </div>
  </div>,
]
`;
